       £K"	  @…ÄÖAbrain.Event:2î†`1–      @ÓÃ	ˆçP…ÄÖA"Š	
G
Add/xConst*
value	B :*
dtype0*
_output_shapes
: 
G
Add/yConst*
value	B :*
dtype0*
_output_shapes
: 
9
AddAddAdd/xAdd/y*
T0*
_output_shapes
: 
G
Mul/yConst*
value	B :*
dtype0*
_output_shapes
: 
7
MulMulAddMul/y*
T0*
_output_shapes
: 
I
Add_1/xConst*
value	B :*
dtype0*
_output_shapes
: 
I
Add_1/yConst*
value	B :*
dtype0*
_output_shapes
: 
?
Add_1AddAdd_1/xAdd_1/y*
T0*
_output_shapes
: 
I
Mul_1/yConst*
value	B :*
dtype0*
_output_shapes
: 
=
Mul_1MulAdd_1Mul_1/y*
T0*
_output_shapes
: 
I
Mul_2/xConst*
value	B :*
dtype0*
_output_shapes
: 
I
Mul_2/yConst*
value	B :*
dtype0*
_output_shapes
: 
?
Mul_2MulMul_2/xMul_2/y*
T0*
_output_shapes
: 
G
div/yConst*
value	B :*
dtype0*
_output_shapes
: 
>
divFloorDivAdd_1div/y*
T0*
_output_shapes
: 
9
Add_2AddMulMul_1*
T0*
_output_shapes
: 
9
Mul_3MulAdd_2div*
T0*
_output_shapes
: "aîe¥      ®ËP	a[…ÄÖAJ™
‰ó
9
Add
x"T
y"T
z"T"
Ttype:
2	
8
Const
output"dtype"
valuetensor"
dtypetype
>
FloorDiv
x"T
y"T
z"T"
Ttype:
2	
<
Mul
x"T
y"T
z"T"
Ttype:
2	*1.4.02
b'unknown'Š	
G
Add/xConst*
value	B :*
dtype0*
_output_shapes
: 
G
Add/yConst*
value	B :*
dtype0*
_output_shapes
: 
9
AddAddAdd/xAdd/y*
T0*
_output_shapes
: 
G
Mul/yConst*
value	B :*
dtype0*
_output_shapes
: 
7
MulMulAddMul/y*
T0*
_output_shapes
: 
I
Add_1/xConst*
value	B :*
dtype0*
_output_shapes
: 
I
Add_1/yConst*
value	B :*
dtype0*
_output_shapes
: 
?
Add_1AddAdd_1/xAdd_1/y*
T0*
_output_shapes
: 
I
Mul_1/yConst*
value	B :*
dtype0*
_output_shapes
: 
=
Mul_1MulAdd_1Mul_1/y*
T0*
_output_shapes
: 
I
Mul_2/xConst*
value	B :*
dtype0*
_output_shapes
: 
I
Mul_2/yConst*
value	B :*
dtype0*
_output_shapes
: 
?
Mul_2MulMul_2/xMul_2/y*
T0*
_output_shapes
: 
G
div/yConst*
value	B :*
dtype0*
_output_shapes
: 
>
divFloorDivAdd_1div/y*
T0*
_output_shapes
: 
9
Add_2AddMulMul_1*
T0*
_output_shapes
: 
9
Mul_3MulAdd_2div*
T0*
_output_shapes
: "‚A²¼